{
    "-profile test": {
        "content": [
            {
                "BBMAP_BBDUK": {
                    "bbmap": 39.18
                },
                "FASTQC": {
                    "fastqc": "0.12.1"
                },
                "FILTER": {
                    "seqkit": "2.8.2"
                },
                "ISOLATE_BBDUK_IDS": {
                    "seqkit": "2.8.2"
                },
                "ISOLATE_KRAKEN2_IDS": {
                    "python": "3.10.4"
                },
                "KRAKEN2PREPARATION": {
                    "tar": 1.34
                },
                "KRAKEN2_KRAKEN2": {
                    "kraken2": "2.1.6",
                    "pigz": 2.8
                },
                "MERGE_IDS": {
                    "gawk": "5.3.0"
                },
                "PARSE_KRAKEN2REPORT": {
                    "python": "3.12.2"
                },
                "RENAME_FASTQ_HEADERS_AFTER": {
                    "seqkit": "2.8.2"
                },
                "RENAME_FASTQ_HEADERS_PRE": {
                    "python": "3.12.0"
                },
                "SUMMARIZER": {
                    "python": "3.11.0",
                    "pandas": "1.5.2",
                    "numpy": "1.24.2"
                },
                "SUMMARY_CLASSIFICATION": {
                    "python": "3.11.0",
                    "pandas": "1.5.2"
                },
                "Workflow": {
                    "nf-core/detaxizer": "v1.4.0dev"
                }
            },
            [
                "FastQC",
                "FastQC/test_paired-end_1_fastqc.html",
                "FastQC/test_paired-end_2_fastqc.html",
                "FastQC/test_paired-end_plus_long-reads_1_fastqc.html",
                "FastQC/test_paired-end_plus_long-reads_2_fastqc.html",
                "FastQC/test_paired-end_plus_long-reads_longReads_fastqc.html",
                "FastQC/test_single-end_long_longReads_fastqc.html",
                "FastQC/test_single-end_short_R1_fastqc.html",
                "bbduk",
                "bbduk/ids",
                "bbduk/ids/test_paired-end.bbduk.txt",
                "bbduk/ids/test_paired-end_plus_long-reads.bbduk.txt",
                "bbduk/ids/test_paired-end_plus_long-reads_longReads.bbduk.txt",
                "bbduk/ids/test_single-end_long_longReads.bbduk.txt",
                "bbduk/ids/test_single-end_short_R1.bbduk.txt",
                "bbduk/test_paired-end.bbduk.log",
                "bbduk/test_paired-end_plus_long-reads.bbduk.log",
                "bbduk/test_paired-end_plus_long-reads_longReads.bbduk.log",
                "bbduk/test_single-end_long_longReads.bbduk.log",
                "bbduk/test_single-end_short_R1.bbduk.log",
                "classification",
                "classification/ids",
                "classification/ids/test_paired-end.ids.txt",
                "classification/ids/test_paired-end_plus_long-reads.ids.txt",
                "classification/ids/test_paired-end_plus_long-reads_longReads.ids.txt",
                "classification/ids/test_single-end_long_longReads.ids.txt",
                "classification/ids/test_single-end_short_R1.ids.txt",
                "classification/summary",
                "classification/summary/test_paired-end.classification_summary.tsv",
                "classification/summary/test_paired-end_plus_long-reads.classification_summary.tsv",
                "classification/summary/test_paired-end_plus_long-reads_longReads.classification_summary.tsv",
                "classification/summary/test_single-end_long_longReads.classification_summary.tsv",
                "classification/summary/test_single-end_short.classification_summary.tsv",
                "downstream_samplesheets",
                "downstream_samplesheets/mag-pe.csv",
                "downstream_samplesheets/mag-se.csv",
                "downstream_samplesheets/taxprofiler.csv",
                "filter",
                "filter/filtered",
                "filter/filtered/test_paired-end_R1_filtered.fastq.gz",
                "filter/filtered/test_paired-end_R2_filtered.fastq.gz",
                "filter/filtered/test_paired-end_plus_long-reads_R1_filtered.fastq.gz",
                "filter/filtered/test_paired-end_plus_long-reads_R2_filtered.fastq.gz",
                "filter/filtered/test_paired-end_plus_long-reads_longReads_filtered.fastq.gz",
                "filter/filtered/test_single-end_long_longReads_filtered.fastq.gz",
                "filter/filtered/test_single-end_short_filtered.fastq.gz",
                "kraken2",
                "kraken2/isolated",
                "kraken2/isolated/test_paired-end.classified.txt",
                "kraken2/isolated/test_paired-end.kraken2.ids.txt",
                "kraken2/isolated/test_paired-end_plus_long-reads.classified.txt",
                "kraken2/isolated/test_paired-end_plus_long-reads.kraken2.ids.txt",
                "kraken2/isolated/test_paired-end_plus_long-reads_longReads.classified.txt",
                "kraken2/isolated/test_paired-end_plus_long-reads_longReads.kraken2.ids.txt",
                "kraken2/isolated/test_single-end_long_longReads.classified.txt",
                "kraken2/isolated/test_single-end_long_longReads.kraken2.ids.txt",
                "kraken2/isolated/test_single-end_short_R1.classified.txt",
                "kraken2/isolated/test_single-end_short_R1.kraken2.ids.txt",
                "kraken2/taxonomy",
                "kraken2/taxonomy/taxa_to_filter.txt",
                "kraken2/test_paired-end.kraken2.classifiedreads.txt",
                "kraken2/test_paired-end.kraken2.report.txt",
                "kraken2/test_paired-end_plus_long-reads.kraken2.classifiedreads.txt",
                "kraken2/test_paired-end_plus_long-reads.kraken2.report.txt",
                "kraken2/test_paired-end_plus_long-reads_longReads.kraken2.classifiedreads.txt",
                "kraken2/test_paired-end_plus_long-reads_longReads.kraken2.report.txt",
                "kraken2/test_single-end_long_longReads.kraken2.classifiedreads.txt",
                "kraken2/test_single-end_long_longReads.kraken2.report.txt",
                "kraken2/test_single-end_short_R1.kraken2.classifiedreads.txt",
                "kraken2/test_single-end_short_R1.kraken2.report.txt",
                "multiqc",
                "multiqc/multiqc_data",
                "multiqc/multiqc_data/fastqc-status-check-heatmap.txt",
                "multiqc/multiqc_data/fastqc_overrepresented_sequences_plot.txt",
                "multiqc/multiqc_data/fastqc_per_base_n_content_plot.txt",
                "multiqc/multiqc_data/fastqc_per_base_sequence_quality_plot.txt",
                "multiqc/multiqc_data/fastqc_per_sequence_gc_content_plot_Counts.txt",
                "multiqc/multiqc_data/fastqc_per_sequence_gc_content_plot_Percentages.txt",
                "multiqc/multiqc_data/fastqc_per_sequence_quality_scores_plot.txt",
                "multiqc/multiqc_data/fastqc_sequence_counts_plot.txt",
                "multiqc/multiqc_data/fastqc_sequence_duplication_levels_plot.txt",
                "multiqc/multiqc_data/fastqc_sequence_length_distribution_plot.txt",
                "multiqc/multiqc_data/fastqc_top_overrepresented_sequences_table.txt",
                "multiqc/multiqc_data/llms-full.txt",
                "multiqc/multiqc_data/multiqc.log",
                "multiqc/multiqc_data/multiqc.parquet",
                "multiqc/multiqc_data/multiqc_citations.txt",
                "multiqc/multiqc_data/multiqc_data.json",
                "multiqc/multiqc_data/multiqc_fastqc.txt",
                "multiqc/multiqc_data/multiqc_general_stats.txt",
                "multiqc/multiqc_data/multiqc_software_versions.txt",
                "multiqc/multiqc_data/multiqc_sources.txt",
                "multiqc/multiqc_plots",
                "multiqc/multiqc_plots/pdf",
                "multiqc/multiqc_plots/pdf/fastqc-status-check-heatmap.pdf",
                "multiqc/multiqc_plots/pdf/fastqc_overrepresented_sequences_plot.pdf",
                "multiqc/multiqc_plots/pdf/fastqc_per_base_n_content_plot.pdf",
                "multiqc/multiqc_plots/pdf/fastqc_per_base_sequence_quality_plot.pdf",
                "multiqc/multiqc_plots/pdf/fastqc_per_sequence_gc_content_plot_Counts.pdf",
                "multiqc/multiqc_plots/pdf/fastqc_per_sequence_gc_content_plot_Percentages.pdf",
                "multiqc/multiqc_plots/pdf/fastqc_per_sequence_quality_scores_plot.pdf",
                "multiqc/multiqc_plots/pdf/fastqc_sequence_counts_plot-cnt.pdf",
                "multiqc/multiqc_plots/pdf/fastqc_sequence_counts_plot-pct.pdf",
                "multiqc/multiqc_plots/pdf/fastqc_sequence_duplication_levels_plot.pdf",
                "multiqc/multiqc_plots/pdf/fastqc_sequence_length_distribution_plot.pdf",
                "multiqc/multiqc_plots/pdf/fastqc_top_overrepresented_sequences_table.pdf",
                "multiqc/multiqc_plots/png",
                "multiqc/multiqc_plots/png/fastqc-status-check-heatmap.png",
                "multiqc/multiqc_plots/png/fastqc_overrepresented_sequences_plot.png",
                "multiqc/multiqc_plots/png/fastqc_per_base_n_content_plot.png",
                "multiqc/multiqc_plots/png/fastqc_per_base_sequence_quality_plot.png",
                "multiqc/multiqc_plots/png/fastqc_per_sequence_gc_content_plot_Counts.png",
                "multiqc/multiqc_plots/png/fastqc_per_sequence_gc_content_plot_Percentages.png",
                "multiqc/multiqc_plots/png/fastqc_per_sequence_quality_scores_plot.png",
                "multiqc/multiqc_plots/png/fastqc_sequence_counts_plot-cnt.png",
                "multiqc/multiqc_plots/png/fastqc_sequence_counts_plot-pct.png",
                "multiqc/multiqc_plots/png/fastqc_sequence_duplication_levels_plot.png",
                "multiqc/multiqc_plots/png/fastqc_sequence_length_distribution_plot.png",
                "multiqc/multiqc_plots/png/fastqc_top_overrepresented_sequences_table.png",
                "multiqc/multiqc_plots/svg",
                "multiqc/multiqc_plots/svg/fastqc-status-check-heatmap.svg",
                "multiqc/multiqc_plots/svg/fastqc_overrepresented_sequences_plot.svg",
                "multiqc/multiqc_plots/svg/fastqc_per_base_n_content_plot.svg",
                "multiqc/multiqc_plots/svg/fastqc_per_base_sequence_quality_plot.svg",
                "multiqc/multiqc_plots/svg/fastqc_per_sequence_gc_content_plot_Counts.svg",
                "multiqc/multiqc_plots/svg/fastqc_per_sequence_gc_content_plot_Percentages.svg",
                "multiqc/multiqc_plots/svg/fastqc_per_sequence_quality_scores_plot.svg",
                "multiqc/multiqc_plots/svg/fastqc_sequence_counts_plot-cnt.svg",
                "multiqc/multiqc_plots/svg/fastqc_sequence_counts_plot-pct.svg",
                "multiqc/multiqc_plots/svg/fastqc_sequence_duplication_levels_plot.svg",
                "multiqc/multiqc_plots/svg/fastqc_sequence_length_distribution_plot.svg",
                "multiqc/multiqc_plots/svg/fastqc_top_overrepresented_sequences_table.svg",
                "multiqc/multiqc_report.html",
                "pipeline_info",
                "pipeline_info/nf_core_detaxizer_software_mqc_versions.yml",
                "summary",
                "summary/summary.tsv"
            ],
            [
                "test_paired-end.bbduk.txt:md5,bbe1776bdaa5088eda1463e23884571f",
                "test_paired-end_plus_long-reads.bbduk.txt:md5,bbe1776bdaa5088eda1463e23884571f",
                "test_paired-end_plus_long-reads_longReads.bbduk.txt:md5,d41d8cd98f00b204e9800998ecf8427e",
                "test_single-end_long_longReads.bbduk.txt:md5,d41d8cd98f00b204e9800998ecf8427e",
                "test_single-end_short_R1.bbduk.txt:md5,bbe1776bdaa5088eda1463e23884571f",
                "test_paired-end.ids.txt:md5,8d9f45e6c4872df13ae85868d0b490f3",
                "test_paired-end_plus_long-reads.ids.txt:md5,8e0dee84298e497799dea2fe4cbb225e",
                "test_paired-end_plus_long-reads_longReads.ids.txt:md5,4705f9cf4fd986d78c729bbd9ca9d63a",
                "test_single-end_long_longReads.ids.txt:md5,4705f9cf4fd986d78c729bbd9ca9d63a",
                "test_single-end_short_R1.ids.txt:md5,8d9f45e6c4872df13ae85868d0b490f3",
                "test_paired-end.classification_summary.tsv:md5,ce3cd9cb6433e4d2cd6749d174dd65a7",
                "test_paired-end_plus_long-reads.classification_summary.tsv:md5,500786de10e5d6f18d58fa3373fa4539",
                "test_paired-end_plus_long-reads_longReads.classification_summary.tsv:md5,3f49e1dd3ab483810508535f717559bf",
                "test_single-end_long_longReads.classification_summary.tsv:md5,f4c6e342ecca87d99890bf71613906f4",
                "test_single-end_short.classification_summary.tsv:md5,62a827d813a63d90f8ff80305793cc4b",
                "test_paired-end_plus_long-reads_longReads_filtered.fastq.gz:md5,d41d8cd98f00b204e9800998ecf8427e",
                "test_single-end_long_longReads_filtered.fastq.gz:md5,d41d8cd98f00b204e9800998ecf8427e",
                "test_single-end_short_filtered.fastq.gz:md5,d41d8cd98f00b204e9800998ecf8427e",
                "test_paired-end.classified.txt:md5,cf2a76f599b8bdde2e0771c653415023",
                "test_paired-end.kraken2.ids.txt:md5,8d9f45e6c4872df13ae85868d0b490f3",
                "test_paired-end_plus_long-reads.classified.txt:md5,9b0f4c2b4ebbd63cae9b587a1f2e984c",
                "test_paired-end_plus_long-reads.kraken2.ids.txt:md5,c2e760520e413519f3ca040ffc26c7c9",
                "test_paired-end_plus_long-reads_longReads.classified.txt:md5,3bfb30a9e426772055eb8a40f1431836",
                "test_paired-end_plus_long-reads_longReads.kraken2.ids.txt:md5,4705f9cf4fd986d78c729bbd9ca9d63a",
                "test_single-end_long_longReads.classified.txt:md5,3bfb30a9e426772055eb8a40f1431836",
                "test_single-end_long_longReads.kraken2.ids.txt:md5,4705f9cf4fd986d78c729bbd9ca9d63a",
                "test_single-end_short_R1.classified.txt:md5,47b84257d4f819d239fa9b1d1ca3af9c",
                "test_single-end_short_R1.kraken2.ids.txt:md5,8d9f45e6c4872df13ae85868d0b490f3",
                "taxa_to_filter.txt:md5,897316929176464ebc9ad085f31e7284",
                "test_paired-end.kraken2.classifiedreads.txt:md5,cf2a76f599b8bdde2e0771c653415023",
                "test_paired-end.kraken2.report.txt:md5,ebeb018d86e7b822b1eee4624d8115df",
                "test_paired-end_plus_long-reads.kraken2.classifiedreads.txt:md5,9b0f4c2b4ebbd63cae9b587a1f2e984c",
                "test_paired-end_plus_long-reads.kraken2.report.txt:md5,5899ab8d00c8f0382b85075cc832d10a",
                "test_paired-end_plus_long-reads_longReads.kraken2.classifiedreads.txt:md5,3bfb30a9e426772055eb8a40f1431836",
                "test_paired-end_plus_long-reads_longReads.kraken2.report.txt:md5,bf7b02c675b6e82fdb16470788b2b427",
                "test_single-end_long_longReads.kraken2.classifiedreads.txt:md5,3bfb30a9e426772055eb8a40f1431836",
                "test_single-end_long_longReads.kraken2.report.txt:md5,bf7b02c675b6e82fdb16470788b2b427",
                "test_single-end_short_R1.kraken2.classifiedreads.txt:md5,47b84257d4f819d239fa9b1d1ca3af9c",
                "test_single-end_short_R1.kraken2.report.txt:md5,ebeb018d86e7b822b1eee4624d8115df",
                "fastqc-status-check-heatmap.txt:md5,97736debfcf4943f197bdf7dc53f6266",
                "fastqc_overrepresented_sequences_plot.txt:md5,eda71b2e6c9fd4e13bb4fe561ef45339",
                "fastqc_per_base_n_content_plot.txt:md5,8c1895e38cb44ba6c562600b6c599b58",
                "fastqc_per_base_sequence_quality_plot.txt:md5,1340b4185d727e6b52d1c589c1054f4f",
                "fastqc_per_sequence_gc_content_plot_Counts.txt:md5,2e04e2cf9b422224bbe04d0cebb3a3b4",
                "fastqc_per_sequence_gc_content_plot_Percentages.txt:md5,3119077200e839967fa7fec5d7683ff0",
                "fastqc_per_sequence_quality_scores_plot.txt:md5,a6b51a9422eb771300031ef38890ceaa",
                "fastqc_sequence_counts_plot.txt:md5,94993868fc7f5bf77166565318296820",
                "fastqc_sequence_duplication_levels_plot.txt:md5,8526613e0e8d89d25c1c0a4c462a4f2b",
                "fastqc_sequence_length_distribution_plot.txt:md5,6fa1d187e3f51cc9ca43428af0c80193",
                "multiqc_citations.txt:md5,4c806e63a283ec1b7e78cdae3a923d4f",
                "multiqc_fastqc.txt:md5,d3d743ade0aaa9293c8a1810f6a4143f",
                "multiqc_general_stats.txt:md5,8aaf67bc592c577b323d83215b693c14"
            ]
        ],
        "timestamp": "2026-09-30T09:42:06.301125178",
        "meta": {
            "nf-test": "0.9.5",
            "nextflow": "26.04.6"
        }
    }
}