{
    "-profile test_filter_preprocessed": {
        "content": [
            {
                "FASTP": {
                    "fastp": "1.0.1"
                },
                "FASTQC": {
                    "fastqc": "0.12.1"
                },
                "FILTER": {
                    "seqkit": "2.8.2"
                },
                "ISOLATE_KRAKEN2_IDS": {
                    "python": "3.10.4"
                },
                "KRAKEN2PREPARATION": {
                    "tar": 1.34
                },
                "KRAKEN2_KRAKEN2": {
                    "kraken2": "2.1.6",
                    "pigz": 2.8
                },
                "MERGE_IDS": {
                    "gawk": "5.3.0"
                },
                "PARSE_KRAKEN2REPORT": {
                    "python": "3.12.2"
                },
                "RENAME_FASTQ_HEADERS_AFTER": {
                    "seqkit": "2.8.2"
                },
                "SUMMARIZER": {
                    "python": "3.11.0",
                    "pandas": "1.5.2",
                    "numpy": "1.24.2"
                },
                "SUMMARY_CLASSIFICATION": {
                    "python": "3.11.0",
                    "pandas": "1.5.2"
                },
                "Workflow": {
                    "nf-core/detaxizer": "v1.4.0dev"
                }
            },
            [
                "FastQC",
                "FastQC/test_paired-end_1_fastqc.html",
                "FastQC/test_paired-end_2_fastqc.html",
                "FastQC/test_paired-end_plus_long-reads_1_fastqc.html",
                "FastQC/test_paired-end_plus_long-reads_2_fastqc.html",
                "FastQC/test_paired-end_plus_long-reads_longReads_fastqc.html",
                "FastQC/test_single-end_long_longReads_fastqc.html",
                "FastQC/test_single-end_short_R1_fastqc.html",
                "classification",
                "classification/ids",
                "classification/ids/test_paired-end.ids.txt",
                "classification/ids/test_paired-end_plus_long-reads.ids.txt",
                "classification/ids/test_paired-end_plus_long-reads_longReads.ids.txt",
                "classification/ids/test_single-end_long_longReads.ids.txt",
                "classification/ids/test_single-end_short_R1.ids.txt",
                "classification/summary",
                "classification/summary/test_paired-end.classification_summary.tsv",
                "classification/summary/test_paired-end_plus_long-reads.classification_summary.tsv",
                "classification/summary/test_paired-end_plus_long-reads_longReads.classification_summary.tsv",
                "classification/summary/test_single-end_long_longReads.classification_summary.tsv",
                "classification/summary/test_single-end_short.classification_summary.tsv",
                "downstream_samplesheets",
                "downstream_samplesheets/mag-pe.csv",
                "downstream_samplesheets/mag-se.csv",
                "downstream_samplesheets/taxprofiler.csv",
                "fastp",
                "fastp/test_paired-end.fastp.html",
                "fastp/test_paired-end.fastp.json",
                "fastp/test_paired-end_plus_long-reads.fastp.html",
                "fastp/test_paired-end_plus_long-reads.fastp.json",
                "fastp/test_paired-end_plus_long-reads_longReads.fastp.html",
                "fastp/test_paired-end_plus_long-reads_longReads.fastp.json",
                "fastp/test_single-end_long_longReads.fastp.html",
                "fastp/test_single-end_long_longReads.fastp.json",
                "fastp/test_single-end_short_R1.fastp.html",
                "fastp/test_single-end_short_R1.fastp.json",
                "filter",
                "filter/filtered",
                "filter/filtered/test_paired-end_R1_filtered.fastq.gz",
                "filter/filtered/test_paired-end_R2_filtered.fastq.gz",
                "filter/filtered/test_paired-end_plus_long-reads_R1_filtered.fastq.gz",
                "filter/filtered/test_paired-end_plus_long-reads_R2_filtered.fastq.gz",
                "filter/filtered/test_paired-end_plus_long-reads_longReads_filtered.fastq.gz",
                "filter/filtered/test_single-end_long_longReads_filtered.fastq.gz",
                "filter/filtered/test_single-end_short_filtered.fastq.gz",
                "kraken2",
                "kraken2/isolated",
                "kraken2/isolated/test_paired-end.classified.txt",
                "kraken2/isolated/test_paired-end.kraken2.ids.txt",
                "kraken2/isolated/test_paired-end_plus_long-reads.classified.txt",
                "kraken2/isolated/test_paired-end_plus_long-reads.kraken2.ids.txt",
                "kraken2/isolated/test_paired-end_plus_long-reads_longReads.classified.txt",
                "kraken2/isolated/test_paired-end_plus_long-reads_longReads.kraken2.ids.txt",
                "kraken2/isolated/test_single-end_long_longReads.classified.txt",
                "kraken2/isolated/test_single-end_long_longReads.kraken2.ids.txt",
                "kraken2/isolated/test_single-end_short_R1.classified.txt",
                "kraken2/isolated/test_single-end_short_R1.kraken2.ids.txt",
                "kraken2/taxonomy",
                "kraken2/taxonomy/taxa_to_filter.txt",
                "kraken2/test_paired-end.kraken2.classifiedreads.txt",
                "kraken2/test_paired-end.kraken2.report.txt",
                "kraken2/test_paired-end_plus_long-reads.kraken2.classifiedreads.txt",
                "kraken2/test_paired-end_plus_long-reads.kraken2.report.txt",
                "kraken2/test_paired-end_plus_long-reads_longReads.kraken2.classifiedreads.txt",
                "kraken2/test_paired-end_plus_long-reads_longReads.kraken2.report.txt",
                "kraken2/test_single-end_long_longReads.kraken2.classifiedreads.txt",
                "kraken2/test_single-end_long_longReads.kraken2.report.txt",
                "kraken2/test_single-end_short_R1.kraken2.classifiedreads.txt",
                "kraken2/test_single-end_short_R1.kraken2.report.txt",
                "multiqc",
                "multiqc/multiqc_data",
                "multiqc/multiqc_data/fastqc-status-check-heatmap.txt",
                "multiqc/multiqc_data/fastqc_overrepresented_sequences_plot.txt",
                "multiqc/multiqc_data/fastqc_per_base_n_content_plot.txt",
                "multiqc/multiqc_data/fastqc_per_base_sequence_quality_plot.txt",
                "multiqc/multiqc_data/fastqc_per_sequence_gc_content_plot_Counts.txt",
                "multiqc/multiqc_data/fastqc_per_sequence_gc_content_plot_Percentages.txt",
                "multiqc/multiqc_data/fastqc_per_sequence_quality_scores_plot.txt",
                "multiqc/multiqc_data/fastqc_sequence_counts_plot.txt",
                "multiqc/multiqc_data/fastqc_sequence_duplication_levels_plot.txt",
                "multiqc/multiqc_data/fastqc_sequence_length_distribution_plot.txt",
                "multiqc/multiqc_data/fastqc_top_overrepresented_sequences_table.txt",
                "multiqc/multiqc_data/llms-full.txt",
                "multiqc/multiqc_data/multiqc.log",
                "multiqc/multiqc_data/multiqc.parquet",
                "multiqc/multiqc_data/multiqc_citations.txt",
                "multiqc/multiqc_data/multiqc_data.json",
                "multiqc/multiqc_data/multiqc_fastqc.txt",
                "multiqc/multiqc_data/multiqc_general_stats.txt",
                "multiqc/multiqc_data/multiqc_software_versions.txt",
                "multiqc/multiqc_data/multiqc_sources.txt",
                "multiqc/multiqc_plots",
                "multiqc/multiqc_plots/pdf",
                "multiqc/multiqc_plots/pdf/fastqc-status-check-heatmap.pdf",
                "multiqc/multiqc_plots/pdf/fastqc_overrepresented_sequences_plot.pdf",
                "multiqc/multiqc_plots/pdf/fastqc_per_base_n_content_plot.pdf",
                "multiqc/multiqc_plots/pdf/fastqc_per_base_sequence_quality_plot.pdf",
                "multiqc/multiqc_plots/pdf/fastqc_per_sequence_gc_content_plot_Counts.pdf",
                "multiqc/multiqc_plots/pdf/fastqc_per_sequence_gc_content_plot_Percentages.pdf",
                "multiqc/multiqc_plots/pdf/fastqc_per_sequence_quality_scores_plot.pdf",
                "multiqc/multiqc_plots/pdf/fastqc_sequence_counts_plot-cnt.pdf",
                "multiqc/multiqc_plots/pdf/fastqc_sequence_counts_plot-pct.pdf",
                "multiqc/multiqc_plots/pdf/fastqc_sequence_duplication_levels_plot.pdf",
                "multiqc/multiqc_plots/pdf/fastqc_sequence_length_distribution_plot.pdf",
                "multiqc/multiqc_plots/pdf/fastqc_top_overrepresented_sequences_table.pdf",
                "multiqc/multiqc_plots/png",
                "multiqc/multiqc_plots/png/fastqc-status-check-heatmap.png",
                "multiqc/multiqc_plots/png/fastqc_overrepresented_sequences_plot.png",
                "multiqc/multiqc_plots/png/fastqc_per_base_n_content_plot.png",
                "multiqc/multiqc_plots/png/fastqc_per_base_sequence_quality_plot.png",
                "multiqc/multiqc_plots/png/fastqc_per_sequence_gc_content_plot_Counts.png",
                "multiqc/multiqc_plots/png/fastqc_per_sequence_gc_content_plot_Percentages.png",
                "multiqc/multiqc_plots/png/fastqc_per_sequence_quality_scores_plot.png",
                "multiqc/multiqc_plots/png/fastqc_sequence_counts_plot-cnt.png",
                "multiqc/multiqc_plots/png/fastqc_sequence_counts_plot-pct.png",
                "multiqc/multiqc_plots/png/fastqc_sequence_duplication_levels_plot.png",
                "multiqc/multiqc_plots/png/fastqc_sequence_length_distribution_plot.png",
                "multiqc/multiqc_plots/png/fastqc_top_overrepresented_sequences_table.png",
                "multiqc/multiqc_plots/svg",
                "multiqc/multiqc_plots/svg/fastqc-status-check-heatmap.svg",
                "multiqc/multiqc_plots/svg/fastqc_overrepresented_sequences_plot.svg",
                "multiqc/multiqc_plots/svg/fastqc_per_base_n_content_plot.svg",
                "multiqc/multiqc_plots/svg/fastqc_per_base_sequence_quality_plot.svg",
                "multiqc/multiqc_plots/svg/fastqc_per_sequence_gc_content_plot_Counts.svg",
                "multiqc/multiqc_plots/svg/fastqc_per_sequence_gc_content_plot_Percentages.svg",
                "multiqc/multiqc_plots/svg/fastqc_per_sequence_quality_scores_plot.svg",
                "multiqc/multiqc_plots/svg/fastqc_sequence_counts_plot-cnt.svg",
                "multiqc/multiqc_plots/svg/fastqc_sequence_counts_plot-pct.svg",
                "multiqc/multiqc_plots/svg/fastqc_sequence_duplication_levels_plot.svg",
                "multiqc/multiqc_plots/svg/fastqc_sequence_length_distribution_plot.svg",
                "multiqc/multiqc_plots/svg/fastqc_top_overrepresented_sequences_table.svg",
                "multiqc/multiqc_report.html",
                "pipeline_info",
                "pipeline_info/nf_core_detaxizer_software_mqc_versions.yml",
                "summary",
                "summary/summary.tsv"
            ],
            [
                "test_paired-end_1_fastqc.html:md5,53f4bc85cd51df19723e9b177b72462f",
                "test_paired-end_2_fastqc.html:md5,ec928a7c1469c537bcdb385b077de500",
                "test_paired-end_plus_long-reads_1_fastqc.html:md5,b9b0347009dad0f7e34df9d3cc4b7255",
                "test_paired-end_plus_long-reads_2_fastqc.html:md5,072efbe29dd85be5cbf97eb69ea026c2",
                "test_paired-end_plus_long-reads_longReads_fastqc.html:md5,52f4cbac40bb659d3f50f91e0326f88c",
                "test_single-end_long_longReads_fastqc.html:md5,c8728af18e46aec911978854441425bb",
                "test_single-end_short_R1_fastqc.html:md5,89ffd4c3d2693f141e61d4f35f11fdf9",
                "test_paired-end.ids.txt:md5,87fcb963b620f9b9bbd4a33da17a48c5",
                "test_paired-end_plus_long-reads.ids.txt:md5,8aaf57e4a876389a7ecd76fc5861815f",
                "test_paired-end_plus_long-reads_longReads.ids.txt:md5,4705f9cf4fd986d78c729bbd9ca9d63a",
                "test_single-end_long_longReads.ids.txt:md5,4705f9cf4fd986d78c729bbd9ca9d63a",
                "test_single-end_short_R1.ids.txt:md5,8d9f45e6c4872df13ae85868d0b490f3",
                "test_paired-end.classification_summary.tsv:md5,46ff58694e7fbde52eed1cbd39e9fe02",
                "test_paired-end_plus_long-reads.classification_summary.tsv:md5,b2e751f73cdf7c150048d3b94be84d9d",
                "test_paired-end_plus_long-reads_longReads.classification_summary.tsv:md5,6c8003c712c5ed3850e1701675e2e916",
                "test_single-end_long_longReads.classification_summary.tsv:md5,b49a6432e66121b249109ee1967f9a68",
                "test_single-end_short.classification_summary.tsv:md5,aed41f976e471f28161d5bfd8731bf72",
                "test_paired-end.fastp.json:md5,1ed75467e0ba8b9104e7e7c531c7b8d7",
                "test_paired-end_plus_long-reads.fastp.json:md5,f2f36015a54028c6e4fcec4348892960",
                "test_paired-end_plus_long-reads_longReads.fastp.json:md5,255ed39b5d19e34b1a9ffdb119f4265c",
                "test_single-end_long_longReads.fastp.json:md5,6a63035e377c1c37a769f7cc3eb46f97",
                "test_single-end_short_R1.fastp.json:md5,6cf5654b6c5f43f5ed99562158e37d08",
                "test_paired-end_plus_long-reads_longReads_filtered.fastq.gz:md5,d41d8cd98f00b204e9800998ecf8427e",
                "test_single-end_long_longReads_filtered.fastq.gz:md5,d41d8cd98f00b204e9800998ecf8427e",
                "test_single-end_short_filtered.fastq.gz:md5,d41d8cd98f00b204e9800998ecf8427e",
                "test_paired-end.classified.txt:md5,41b944e75ed0a6a3d67de77ee6ae7186",
                "test_paired-end.kraken2.ids.txt:md5,87fcb963b620f9b9bbd4a33da17a48c5",
                "test_paired-end_plus_long-reads.classified.txt:md5,757fc5c03fc2d892edd366f5541b96ca",
                "test_paired-end_plus_long-reads.kraken2.ids.txt:md5,8aaf57e4a876389a7ecd76fc5861815f",
                "test_paired-end_plus_long-reads_longReads.classified.txt:md5,3bfb30a9e426772055eb8a40f1431836",
                "test_paired-end_plus_long-reads_longReads.kraken2.ids.txt:md5,4705f9cf4fd986d78c729bbd9ca9d63a",
                "test_single-end_long_longReads.classified.txt:md5,3bfb30a9e426772055eb8a40f1431836",
                "test_single-end_long_longReads.kraken2.ids.txt:md5,4705f9cf4fd986d78c729bbd9ca9d63a",
                "test_single-end_short_R1.classified.txt:md5,47b84257d4f819d239fa9b1d1ca3af9c",
                "test_single-end_short_R1.kraken2.ids.txt:md5,8d9f45e6c4872df13ae85868d0b490f3",
                "taxa_to_filter.txt:md5,897316929176464ebc9ad085f31e7284",
                "test_paired-end.kraken2.classifiedreads.txt:md5,cdbe2ebabc05af28e1d234b4c6f16a9a",
                "test_paired-end.kraken2.report.txt:md5,371532e0026ad9bb03c3c8f4366c0dbe",
                "test_paired-end_plus_long-reads.kraken2.classifiedreads.txt:md5,0da5aeaad8b8d299f77c20af596583f4",
                "test_paired-end_plus_long-reads.kraken2.report.txt:md5,5899ab8d00c8f0382b85075cc832d10a",
                "test_paired-end_plus_long-reads_longReads.kraken2.classifiedreads.txt:md5,3bfb30a9e426772055eb8a40f1431836",
                "test_paired-end_plus_long-reads_longReads.kraken2.report.txt:md5,bf7b02c675b6e82fdb16470788b2b427",
                "test_single-end_long_longReads.kraken2.classifiedreads.txt:md5,3bfb30a9e426772055eb8a40f1431836",
                "test_single-end_long_longReads.kraken2.report.txt:md5,bf7b02c675b6e82fdb16470788b2b427",
                "test_single-end_short_R1.kraken2.classifiedreads.txt:md5,47b84257d4f819d239fa9b1d1ca3af9c",
                "test_single-end_short_R1.kraken2.report.txt:md5,ebeb018d86e7b822b1eee4624d8115df",
                "fastqc-status-check-heatmap.txt:md5,97736debfcf4943f197bdf7dc53f6266",
                "fastqc_overrepresented_sequences_plot.txt:md5,eda71b2e6c9fd4e13bb4fe561ef45339",
                "fastqc_per_base_n_content_plot.txt:md5,8c1895e38cb44ba6c562600b6c599b58",
                "fastqc_per_base_sequence_quality_plot.txt:md5,1340b4185d727e6b52d1c589c1054f4f",
                "fastqc_per_sequence_gc_content_plot_Counts.txt:md5,2e04e2cf9b422224bbe04d0cebb3a3b4",
                "fastqc_per_sequence_gc_content_plot_Percentages.txt:md5,3119077200e839967fa7fec5d7683ff0",
                "fastqc_per_sequence_quality_scores_plot.txt:md5,a6b51a9422eb771300031ef38890ceaa",
                "fastqc_sequence_counts_plot.txt:md5,94993868fc7f5bf77166565318296820",
                "fastqc_sequence_duplication_levels_plot.txt:md5,8526613e0e8d89d25c1c0a4c462a4f2b",
                "fastqc_sequence_length_distribution_plot.txt:md5,6fa1d187e3f51cc9ca43428af0c80193",
                "multiqc_citations.txt:md5,4c806e63a283ec1b7e78cdae3a923d4f",
                "multiqc_fastqc.txt:md5,d3d743ade0aaa9293c8a1810f6a4143f",
                "multiqc_general_stats.txt:md5,8aaf67bc592c577b323d83215b693c14"
            ]
        ],
        "timestamp": "2026-09-29T11:03:34.437181595",
        "meta": {
            "nf-test": "0.9.5",
            "nextflow": "26.04.6"
        }
    }
}