{
    "reads - taxprofiler,mag": {
        "content": [
            [
                "taxprofiler.csv:md5,3af063f070342c72605b0277a7df4c36",
                "mag.csv:md5,cb28c6bbf1ff5028a6c31dcbbc5f815a"
            ]
        ],
        "meta": {
            "nf-test": "0.9.0",
            "nextflow": "24.04.4"
        },
        "timestamp": "2024-10-14T11:08:57.333343647"
    }
}