{
    "reads - taxprofiler,mag": {
        "content": [
            [
                "./downstream_samplesheets/taxprofiler.csv",
                "./downstream_samplesheets/mag.csv"
            ]
        ],
        "meta": {
            "nf-test": "0.9.0",
            "nextflow": "24.04.4"
        },
        "timestamp": "2024-10-14T13:41:58.647080323"
    }
}